LambdaMutateFinalField.java:33:29: compiler.err.var.might.already.be.assigned: x
1 error
